// Jest Snapshot v1, https://goo.gl/fbAQLP

exports[`should render dashboard page correctly 1`] = `
<div>
  <h1>
    Dash Board
  </h1>
  <Connect(ExpenseListFilters) />
  <Connect(ExpenseList) />
</div>
`;

