// Jest Snapshot v1, https://goo.gl/fbAQLP

exports[`should render not found correctly 1`] = `
<div>
  404 
  <NavLink
    to="/"
  >
    GO HOME
  </NavLink>
</div>
`;
