// Jest Snapshot v1, https://goo.gl/fbAQLP

exports[`should render ExpenseList with empty message 1`] = `
<div>
  <h1>
    Expense List
  </h1>
  <p>
    No Expenses
  </p>
</div>
`;

exports[`should render expensList with expenses 1`] = `
<div>
  <h1>
    Expense List
  </h1>
  <ExpenseListItem
    amount={190}
    createAt={0}
    description="Gum"
    id="1"
    key="1"
    note=""
  />
  <ExpenseListItem
    amount={5400}
    createAt={-345600000}
    description="Rent"
    id="2"
    key="2"
    note=""
  />
  <ExpenseListItem
    amount={65000}
    createAt={345600000}
    description="Credit Card"
    id="3"
    key="3"
    note=""
  />
  <ExpenseListItem
    amount={1800}
    createAt={432000000}
    description="Drink"
    id="4"
    key="4"
    note=""
  />
</div>
`;
